// Jest Snapshot v1, https://goo.gl/fbAQLP

exports[`'App' matches snapshot 1`] = `
<DocumentFragment>
  <div
    class="App"
  >
    <nav
      class="NavBar"
    >
      <a
        aria-current="page"
        class="NavBar-active"
        href="/dogs"
      >
        Home
      </a>
      <a
        href="/dogs/whiskey"
      >
        Whiskey
      </a>
      <a
        href="/dogs/duke"
      >
        Duke
      </a>
      <a
        href="/dogs/perry"
      >
        Perry
      </a>
      <a
        href="/dogs/tubby"
      >
        Tubby
      </a>
    </nav>
    <div
      class="DogList"
    >
      <div
        class="DogList-logo"
      >
        <img
          alt=""
          src="dog_finder_logo.jpg"
        />
      </div>
      <div
        class="DogList-list"
      >
        <h2>
          PET's LIST:
        </h2>
        <div>
          <a
            href="/dogs/whiskey"
          >
            Whiskey
          </a>
        </div>
        <div>
          <a
            href="/dogs/duke"
          >
            Duke
          </a>
        </div>
        <div>
          <a
            href="/dogs/perry"
          >
            Perry
          </a>
        </div>
        <div>
          <a
            href="/dogs/tubby"
          >
            Tubby
          </a>
        </div>
      </div>
    </div>
  </div>
</DocumentFragment>
`;
